// Jest Snapshot v1, https://goo.gl/fbAQLP

exports[`<Header /> should render a div 1`] = `
<div>
  <a
    class="A-sc-19ne21s-0 A-rafgk4-0 cDbbTD"
    href="https://www.reactboilerplate.com/"
  >
    <img
      alt="react-boilerplate - Logo"
      class="Img-sc-3zexeq-0 eLaqyx"
      src="IMAGE_MOCK"
    />
  </a>
  <div
    class="NavBar-sc-1euf85u-0 cEClqw"
  >
    <a
      class="HeaderLink-zqfm2m-0 ddPOjs"
      href="/"
    >
      <span>
        Home
      </span>
    </a>
    <a
      class="HeaderLink-zqfm2m-0 ddPOjs"
      href="/features"
    >
      <span>
        Features
      </span>
    </a>
  </div>
</div>
`;
